{
  "All Records": [
    "[][",
    " {",
    "  \"LastVisitDate\": \"2020-06-27T09:29:54.51375Z\",",
    "  \"URL\": \"https://www.mozilla.org/privacy/firefox/\",",
    "  \"Description\": null,",
    "  \"_Source\": \"Generic.Forensic.SQLiteHunter/Firefox Places_History\"",
    " },",
    " {",
    "  \"LastVisitDate\": \"2020-06-27T09:30:05.721357Z\",",
    "  \"URL\": \"http://github.com/seanbreckenridge/dotfiles\",",
    "  \"Description\": null,",
    "  \"_Source\": \"Generic.Forensic.SQLiteHunter/Firefox Places_History\"",
    " },",
    " {",
    "  \"LastVisitDate\": \"2020-06-30T05:53:37.171Z\",",
    "  \"URL\": \"https://www.mozilla.org/en-US/firefox/78.0a2/firstrun/\",",
    "  \"Description\": \"Firefox Developer Edition is the blazing fast browser that offers cutting edge developer tools and latest features like CSS Grid support and framework debugging\",",
    "  \"_Source\": \"Generic.Forensic.SQLiteHunter/Firefox Places_History\"",
    " },",
    " {",
    "  \"LastVisitDate\": \"2021-02-21T08:55:10.488Z\",",
    "  \"URL\": \"https://www.mozilla.org/en-US/privacy/firefox/\",",
    "  \"Description\": \"\\n  Our Privacy Notices describe the data our products and services receive, share, and use, as well as choices available to you.\\n\",",
    "  \"_Source\": \"Generic.Forensic.SQLiteHunter/Firefox Places_History\"",
    " }",
    "]"
  ],
  "After 2021-02-20T08:55:10.488Z should be only 2021-02-21T08:55:10.488Z": [
    "[][",
    " {",
    "  \"LastVisitDate\": \"2021-02-21T08:55:10.488Z\",",
    "  \"URL\": \"https://www.mozilla.org/en-US/privacy/firefox/\",",
    "  \"Description\": \"\\n  Our Privacy Notices describe the data our products and services receive, share, and use, as well as choices available to you.\\n\",",
    "  \"_Source\": \"Generic.Forensic.SQLiteHunter/Firefox Places_History\"",
    " }",
    "]"
  ],
  "DateBefore=2020-06-27T09:30:00Z should be only 2020-06-27T09:29:54.51375Z": [
    "[][",
    " {",
    "  \"LastVisitDate\": \"2020-06-27T09:29:54.51375Z\",",
    "  \"URL\": \"https://www.mozilla.org/privacy/firefox/\",",
    "  \"Description\": null,",
    "  \"_Source\": \"Generic.Forensic.SQLiteHunter/Firefox Places_History\"",
    " }",
    "]"
  ],
  "FilterRegex=Firefox Developer Edition": [
    "[][",
    " {",
    "  \"LastVisitDate\": \"2020-06-30T05:53:37.171Z\",",
    "  \"URL\": \"https://www.mozilla.org/en-US/firefox/78.0a2/firstrun/\",",
    "  \"Description\": \"Firefox Developer Edition is the blazing fast browser that offers cutting edge developer tools and latest features like CSS Grid support and framework debugging\",",
    "  \"_Source\": \"Generic.Forensic.SQLiteHunter/Firefox Places_History\"",
    " }",
    "]"
  ]
}